[kamranahmed.info/index.html]
[backblue.gif]
[fade.gif]
[index.html]
[kamranahmed.info/favicon.svg]
[kamranahmed.info/_astro/background-less.BKeRS0Lf.css]
[kamranahmed.info/_astro/page.DFwqf4PB.js]
[kamranahmed.info/t]
[kamranahmed.info/work.html]
[kamranahmed.info/projects.html]
[kamranahmed.info/posts.html]
[kamranahmed.info/cdn-cgi/l/email-protection]
[kamranahmed.info/kamran.png]
[kamranahmed.info/testimonials/faheem.jpg]
[kamranahmed.info/testimonials/zain.jpg]
[kamranahmed.info/testimonials/abdallah.jpg]
[kamranahmed.info/testimonials/essehemy.jpg]
[kamranahmed.info/testimonials/adeel.jpg]
[kamranahmed.info/testimonials/martian.jpg]
[kamranahmed.info/cdn-cgi/scripts/5c5dd728/cloudflare-static/email-decode.min.js]
[kamranahmed.info/index.html]
[kamranahmed.info/favicon.svg]
[kamranahmed.info/_astro/background-less.BKeRS0Lf.css]
[kamranahmed.info/t.html]
[kamranahmed.info/work.html]
[app.cal.com/embed/embed.js]
[kamranahmed.info/projects/roadmap-logo.svg]
[kamranahmed.info/projects/driver-head.svg]
[kamranahmed.info/projects.html]
[kamranahmed.info/posts/cloudflare-too-many-redirects.html]
[github.com/kamranahmedse/driver.html]
[kamranahmed.info/posts/up-and-running-with-aws-ec2.html]
[kamranahmed.info/posts/up-and-running-with-aws-vpc.html]
[kamranahmed.info/posts/dynamically-load-ip-address-for-ec2-in-ansible.html]
[kamranahmed.info/posts/generate-terraform-from-infrastructure.html]
[kamranahmed.info/posts/add-multiple-ssh-keys-to-ec2.html]
[kamranahmed.info/posts/monitor-mysql-using-monit.html]
[kamranahmed.info/posts/setup-metabase-using-systemctl.html]
[kamranahmed.info/posts/change-hostname-in-linux.html]
[kamranahmed.info/posts/port-knocking-explained.html]
[kamranahmed.info/posts/systemctl-vs-service.html]
[kamranahmed.info/posts/latency-vs-throughput.html]
[kamranahmed.info/posts/target-nth-element-tailwind.html]
[kamranahmed.info/posts/consistency-patterns-in-distributed-systems.html]
[kamranahmed.info/posts/setup-postgresql-using-docker.html]
[kamranahmed.info/posts/push-to-different-branch.html]
[kamranahmed.info/posts/how-to-get-username-and-group-linux.html]
[kamranahmed.info/posts/rabbitmq-at-tajawal.html]
[kamranahmed.info/posts/asymptotic-notation.html]
[kamranahmed.info/posts/avoid-render-blocking-javascript-with-async-defer.html]
[kamranahmed.info/posts/bash-vs-shell.html]
[kamranahmed.info/posts/basic-authentication.html]
[kamranahmed.info/posts/big-o-notation.html]
[kamranahmed.info/posts/character-encodings.html]
[kamranahmed.info/posts/ci-cd.html]
[kamranahmed.info/posts/dhcp.html]
[kamranahmed.info/posts/jetbrains-look-through-the-git-history.html]
[kamranahmed.info/posts/jwt-authentication.html]
[kamranahmed.info/posts/oauth.html]
[kamranahmed.info/posts/scaling-databases.html]
[kamranahmed.info/posts/session-authentication.html]
[kamranahmed.info/posts/ssl-tls-https-ssh.html]
[kamranahmed.info/posts/sso.html]
[kamranahmed.info/posts/token-authentication.html]
[kamranahmed.info/posts/unfamiliar-codebase.html]
[kamranahmed.info/posts/what-is-sli-slo-sla.html]
[kamranahmed.info/posts.html]
[kamranahmed.info/cdn-cgi/l/email-protection.html]
[kamranahmed.info/projects/roadmap-logo.svg]
[kamranahmed.info/projects/driver-head.svg]
[kamranahmed.info/posts/random-numbers.html]
[github.githubassets.com/assets/light-6448649c7147.css]
[github.githubassets.com/assets/light_high_contrast-42fc7e3b06b7.css]
[github.githubassets.com/assets/dark-d17b946fc2c5.css]
[github.githubassets.com/assets/light_colorblind-44cfaf0c8f7b.css]
[github.githubassets.com/assets/dark_high_contrast-1b924088c83a.css]
[github.githubassets.com/assets/light_colorblind_high_contrast-979217efd93e.css]
[github.githubassets.com/assets/light_tritanopia-4d5383026bfa.css]
[github.githubassets.com/assets/light_tritanopia_high_contrast-ff6ff8532348.css]
[github.githubassets.com/assets/dark_colorblind-654786382462.css]
[github.githubassets.com/assets/dark_colorblind_high_contrast-ecca008c6f6e.css]
[github.githubassets.com/assets/dark_tritanopia-fff376053989.css]
[github.githubassets.com/assets/dark_tritanopia_high_contrast-49adf52571e5.css]
[github.githubassets.com/assets/dark_dimmed-66d97c13c98a.css]
[github.githubassets.com/assets/dark_dimmed_high_contrast-c58f1d0432b9.css]
[github.githubassets.com/assets/primer-primitives-dc7ca6859caf.css]
[github.githubassets.com/assets/primer-f96b923db733.css]
[github.githubassets.com/assets/global-241f81e44892.css]
[github.githubassets.com/assets/github-086c1af66525.css]
[github.githubassets.com/assets/repository-5d735668c600.css]
[github.githubassets.com/assets/code-9c9b8dc61e74.css]
[github.githubassets.com/assets/high-contrast-cookie-f3788027bd8d.js]
[github.githubassets.com/assets/wp-runtime-48b0193a5699.js]
[github.githubassets.com/assets/vendors-node_modules_oddbird_popover-polyfill_dist_popover-fn_js-468bf7cab607.js]
[github.githubassets.com/assets/vendors-node_modules_stacktrace-parser_dist_stack-trace-parser_esm_js-node_modules_github_bro-2f4e04-280c10ec004d.js]
[github.githubassets.com/assets/vendors-node_modules_github_arianotify-polyfill_ariaNotify-polyfill_js-node_modules_github_mi-c8eeba-690858154b11.js]
[github.githubassets.com/assets/environment-e36acb721009.js]
[github.githubassets.com/assets/vendors-node_modules_primer_behaviors_dist_esm_index_mjs-7e8c9c5d642d.js]
[github.githubassets.com/assets/vendors-node_modules_github_relative-time-element_dist_index_js-c98257dc79a7.js]
[github.githubassets.com/assets/vendors-node_modules_github_selector-observer_dist_index_esm_js-7e4d99c9171d.js]
[github.githubassets.com/assets/vendors-node_modules_github_auto-complete-element_dist_index_js-node_modules_github_catalyst_-0d7d60-b5d92aad9108.js]
[github.githubassets.com/assets/vendors-node_modules_github_text-expander-element_dist_index_js-754f5b5e9e7e.js]
[github.githubassets.com/assets/vendors-node_modules_github_filter-input-element_dist_index_js-node_modules_github_remote-inp-b5f1d7-fd008e5636c7.js]
[github.githubassets.com/assets/vendors-node_modules_github_markdown-toolbar-element_dist_index_js-d41270eb61be.js]
[github.githubassets.com/assets/vendors-node_modules_github_file-attachment-element_dist_index_js-node_modules_primer_view-co-c63e9a-b1f4633cac7f.js]
[github.githubassets.com/assets/github-elements-e1b8d79d7efc.js]
[github.githubassets.com/assets/element-registry-d8b59a4ff9e5.js]
[github.githubassets.com/assets/vendors-node_modules_github_mini-throttle_dist_index_js-node_modules_github_hydro-analytics-c-2a6094-2f3b5bfd7e3b.js]
[github.githubassets.com/assets/vendors-node_modules_braintree_browser-detection_dist_browser-detection_js-node_modules_githu-bb80ec-4e90f1d1076c.js]
[github.githubassets.com/assets/vendors-node_modules_lit-html_lit-html_js-06c8637a6071.js]
[github.githubassets.com/assets/vendors-node_modules_morphdom_dist_morphdom-esm_js-node_modules_swc_helpers_esm__define_property_js-5c587dccb470.js]
[github.githubassets.com/assets/vendors-node_modules_github_turbo_dist_turbo_es2017-esm_js-8eb9b2209bcd.js]
[github.githubassets.com/assets/vendors-node_modules_github_remote-form_dist_index_js-node_modules_delegated-events_dist_inde-893f9f-cd5d89ebdb50.js]
[github.githubassets.com/assets/vendors-node_modules_github_quote-selection_dist_index_js-node_modules_github_session-resume_-590a09-91fdc8802bfa.js]
[github.githubassets.com/assets/packages_document-metadata_document-metadata_ts-packages_failbot_failbot_ts-b8e9eefcce78.js]
[github.githubassets.com/assets/packages_updatable-content_updatable-content_ts-a743e72edcf2.js]
[github.githubassets.com/assets/app_assets_modules_github_behaviors_ajax-error_ts-app_assets_modules_github_behaviors_details-6493f1-b7112815a1fc.js]
[github.githubassets.com/assets/app_assets_modules_github_behaviors_task-list_ts-app_assets_modules_github_throttled-input_ts-047775-82bfe789bb2f.js]
[github.githubassets.com/assets/app_assets_modules_github_behaviors_commenting_edit_ts-app_assets_modules_github_behaviors_ht-83c235-6bc7a8849328.js]
[github.githubassets.com/assets/behaviors-9082713fc15b.js]
[github.githubassets.com/assets/vendors-node_modules_delegated-events_dist_index_js-node_modules_github_catalyst_lib_index_js-ef6d0f-60422ea0562f.js]
[github.githubassets.com/assets/notifications-global-f5c28dea1388.js]
[github.githubassets.com/assets/vendors-node_modules_github_mini-throttle_dist_index_js-node_modules_virtualized-list_es_inde-8b3def-5e84a4d714f0.js]
[github.githubassets.com/assets/vendors-node_modules_github_remote-form_dist_index_js-node_modules_delegated-events_dist_inde-970f7d-8ad56e8ced35.js]
[github.githubassets.com/assets/app_assets_modules_github_ref-selector_ts-98da180bcdc4.js]
[github.githubassets.com/assets/codespaces-d537a7dd382d.js]
[github.githubassets.com/assets/vendors-node_modules_github_filter-input-element_dist_index_js-node_modules_github_remote-inp-3eebbd-6b2b8ef429c9.js]
[github.githubassets.com/assets/vendors-node_modules_github_mini-throttle_dist_decorators_js-node_modules_delegated-events_di-e161aa-34194327b80d.js]
[github.githubassets.com/assets/vendors-node_modules_github_file-attachment-element_dist_index_js-node_modules_github_remote--abdaf7-e83eee3cdca9.js]
[github.githubassets.com/assets/repositories-1210f79a59a5.js]
[github.githubassets.com/assets/vendors-node_modules_github_mini-throttle_dist_index_js-node_modules_github_catalyst_lib_inde-96937f-3c3ebe968845.js]
[github.githubassets.com/assets/code-menu-f0fbee92a5e1.js]
[github.githubassets.com/assets/primer-react-68db5c96d18f.js]
[github.githubassets.com/assets/react-core-f6571bc10d64.js]
[github.githubassets.com/assets/react-lib-17ccbc80f53b.js]
[github.githubassets.com/assets/vendors-node_modules_emotion_is-prop-valid_dist_emotion-is-prop-valid_esm_js-node_modules_emo-1fff13-a67dacb6db80.js]
[github.githubassets.com/assets/octicons-react-0f0d82031c98.js]
[github.githubassets.com/assets/vendors-node_modules_tanstack_query-core_build_modern_mutation_js-node_modules_tanstack_query-9bf7e4-a1bacdef8ef2.js]
[github.githubassets.com/assets/vendors-node_modules_tanstack_query-core_build_modern_queryClient_js-node_modules_tanstack_re-d87a32-ae1d44ebdc99.js]
[github.githubassets.com/assets/vendors-node_modules_tanstack_query-core_build_modern_queryObserver_js-node_modules_tanstack_-defd52-362960c8d059.js]
[github.githubassets.com/assets/vendors-node_modules_github_hydro-analytics-client_dist_analytics-client_js-node_modules_gith-320808-1c166cd40521.js]
[github.githubassets.com/assets/packages_paths_index_ts-d081d9ba79fa.js]
[github.githubassets.com/assets/packages_agent-sessions_utils_elapsed-time-util_ts-packages_agent-sessions_contexts_PullConte-004f94-821ddd84a876.js]
[github.githubassets.com/assets/packages_copilot-coding-agent-status_entry_ts-packages_fetch-headers_fetch-headers_ts-package-442e79-2bb344b9ef94.js]
[github.githubassets.com/assets/copilot-coding-agent-status-5f878b7667cc.js]
[github.githubassets.com/assets/primer-react.ad9424369aeb6fec9e91.module.css]
[github.githubassets.com/assets/copilot-coding-agent-status.18a276928d4b7c45824e.module.css]
[github.githubassets.com/assets/vendors-node_modules_lit-labs_react_index_js-node_modules_primer_styled-react_dist_index_js-n-6066db-b92ee15c1e46.js]
[github.githubassets.com/assets/packages_notifications-subscriptions-menu_entry_ts-packages_promise-with-resolvers-polyfill_p-df0233-37157a955eee.js]
[github.githubassets.com/assets/notifications-subscriptions-menu-113a2e7708e8.js]
[github.githubassets.com/assets/notifications-subscriptions-menu.44a4ce5e60cfd5c27b1a.module.css]
[github.com/fluidicon.png]
[github.githubassets.com/favicons/favicon.png]
[github.githubassets.com/assets/keyboard-shortcuts-dialog.2de9c7d6456a311fce49.module.css]
[github.githubassets.com/assets/vendors-node_modules_gsap_index_js-23c9606618ce.js]
[github.githubassets.com/assets/vendors-node_modules_github_remote-form_dist_index_js-node_modules_delegated-events_dist_inde-94fd67-04dd9f3c4754.js]
[github.githubassets.com/assets/sessions-ac148cb2a2f3.js]
[github.com/login6465.html]
[github.githubassets.com/assets/appearance-settings.6c63a6de228d6520804d.module.css]
[github.com/signup6ee8.html]
[github.com/login0816.html]
[github.com/kamranahmedse/driver.js/blob/master/license.html]
[github.com/kamranahmedse/driver.js/stargazers.html]
[github.com/kamranahmedse/driver.js/forks.html]
[github.com/kamranahmedse/driver.js/branches.html]
[github.com/kamranahmedse/driver.js/tags.html]
[github.com/kamranahmedse/driver.js/activity.html]
[github.com/kamranahmedse/driver.js/issues.html]
[github.com/kamranahmedse/driver.js/pulls.html]
[github.com/kamranahmedse/driver.js/actions.html]
[github.com/kamranahmedse/driver.js/projects4494.html]
[github.com/kamranahmedse/driver.js/security.html]
[github.com/kamranahmedse/driver.js/security/overall-count.a0.delayed]
[github.com/kamranahmedse/driver.js/pulse.html]
[github.githubassets.com/assets/app_assets_modules_react-partials_repos-overview_components_OverviewContent_module_css-app_as-770386.7ea6d670be60f1a7cf5c.module.css]
[github.com/kamranahmedse/driver.js/tree/master/.html]
[github.com/kamranahmedse/driver.js/commits/master/index.html]
[github.com/kamranahmedse/driver.js/tree/master/docs.html]
[github.com/kamranahmedse/driver.js/tree/master/src.html]
[github.com/kamranahmedse/driver.js/tree/master/tests.html]
[github.com/kamranahmedse/driver.js/blob/master/.html]
[github.com/kamranahmedse/driver.js/blob/master/-2.html]
[github.com/kamranahmedse/driver.js/blob/master/-3.html]
[github.com/kamranahmedse/driver.js/blob/master/dts-bundle-generator.config.html]
[github.com/kamranahmedse/driver.js/blob/master/index.html]
[github.com/kamranahmedse/driver.js/blob/master/package.html]
[github.com/kamranahmedse/driver.js/blob/master/pnpm-lock.html]
[github.com/kamranahmedse/driver.js/blob/master/readme.html]
[github.com/kamranahmedse/driver.js/blob/master/tsconfig.html]
[github.com/kamranahmedse/driver.js/blob/master/vite.config.html]
[www.jsdelivr.com/package/npm/driver.html]
[www.npmjs.com/package/driver.b3.delayed]
[github.com/kamranahmedse/driver.js/watchers.html]
[github.com/kamranahmedse/driver.js/releases.html]
[github.com/kamranahmedse/driver.js/releases/tag/1.3.html]
[github.com/kamranahmedse/driver.js/sponsors_list9f1b.html]
[github.com/kamranahmedse10f0.html]
[github.com/kamranahmedse/driver.js/network/dependents.html]
[github.com/kamranahmedse/driver.js/graphs/contributors.html]
[github.com/kamranahmedse/driver.js/contributors_list0105.html]
[github.com/kamranahmedse/driver.html]
[kamranahmed.info/posts/t.c2.delayed]
[kamranahmed.info/posts/cloudflare-too-many-redirects.html]
[kamranahmed.info/posts/cloudflare-ssl-tls.png]
[kamranahmed.info/posts/up-and-running-with-aws-ec2.html]
[kamranahmed.info/posts/up-and-running-with-aws-vpc.html]
[kamranahmed.info/posts/dynamically-load-ip-address-for-ec2-in-ansible.html]
[kamranahmed.info/posts/generate-terraform-from-infrastructure.html]
[kamranahmed.info/posts/add-multiple-ssh-keys-to-ec2.html]
[kamranahmed.info/posts/monitor-mysql-using-monit.html]
[kamranahmed.info/posts/setup-metabase-using-systemctl.html]
[kamranahmed.info/posts/change-hostname-in-linux.html]
[kamranahmed.info/posts/port-knocking-explained.html]
[kamranahmed.info/posts/systemctl-vs-service.html]
[kamranahmed.info/posts/latency-vs-throughput.html]
[kamranahmed.info/posts/target-nth-element-tailwind.html]
[kamranahmed.info/posts/consistency-patterns-in-distributed-systems.html]
[kamranahmed.info/posts/setup-postgresql-using-docker.html]
[kamranahmed.info/posts/push-to-different-branch.html]
[kamranahmed.info/posts/how-to-get-username-and-group-linux.html]
[kamranahmed.info/posts/rabbitmq-stats.png]
[kamranahmed.info/posts/before-rabbitmq.png]
[kamranahmed.info/posts/flow-before-rabbitmq.png]
[kamranahmed.info/posts/rabbitmq-architecture.png]
[kamranahmed.info/posts/dir-structure.png]
[kamranahmed.info/posts/rabbit-sdk.png]
[kamranahmed.info/posts/rabbit-before-after.png]
[kamranahmed.info/posts/after-rabbitmq.png]
[kamranahmed.info/posts/rabbitmq-at-tajawal.html]
[kamranahmed.info/guides/big-o-notation]
[kamranahmed.info/posts/asymptotic-notation.html]
[kamranahmed.info/posts/asymptotic-notation.png]
[kamranahmed.info/posts/avoid-render-blocking-javascript-with-async-defer.png]
[kamranahmed.info/posts/avoid-render-blocking-javascript-with-async-defer.html]
[kamranahmed.info/posts/bash-vs-shell.jpg]
[kamranahmed.info/posts/bash-vs-shell.html]
[kamranahmed.info/posts/basic-authentication.png]
[kamranahmed.info/posts/basic-authentication.html]
[kamranahmed.info/posts/big-o-notation.png]
[kamranahmed.info/posts/big-o-notation.html]
[kamranahmed.info/posts/character-encodings.png]
[kamranahmed.info/posts/character-encodings.html]
[kamranahmed.info/posts/ci-cd.png]
[kamranahmed.info/posts/ci-cd.html]
[kamranahmed.info/posts/dhcp.png]
[kamranahmed.info/posts/dhcp.html]
[kamranahmed.info/posts/jetbrains-project-history.png]
[kamranahmed.info/posts/jetbrains-look-through-the-git-history.html]
[kamranahmed.info/posts/jwt-authentication.png]
[kamranahmed.info/posts/jwt-authentication.html]
[kamranahmed.info/posts/oauth.png]
[kamranahmed.info/posts/oauth.html]
[kamranahmed.info/posts/scaling-databases.html]
[kamranahmed.info/posts/session-authentication.png]
[kamranahmed.info/posts/session-authentication.html]
[kamranahmed.info/posts/scaling-databases.svg]
[kamranahmed.info/posts/ssl-tls-https-ssh.png]
[kamranahmed.info/posts/ssl-tls-https-ssh.html]
[kamranahmed.info/posts/sso.png]
[kamranahmed.info/posts/sso.html]
[kamranahmed.info/posts/token-authentication.png]
[kamranahmed.info/posts/token-authentication.html]
[kamranahmed.info/posts/unfamiliar-codebase.png]
[kamranahmed.info/posts/unfamiliar-codebase.html]
[kamranahmed.info/posts/sli-slo-sla.jpg]
[kamranahmed.info/posts/what-is-sli-slo-sla.html]
[kamranahmed.info/posts/random-numbers.png]
[kamranahmed.info/posts/random-numbers.html]
[github.githubassets.com/assets/light-6448649c7147.css]
[github.githubassets.com/assets/light_high_contrast-42fc7e3b06b7.css]
[github.githubassets.com/assets/dark-d17b946fc2c5.css]
[github.githubassets.com/assets/dark_high_contrast-1b924088c83a.css]
[github.githubassets.com/assets/light_colorblind-44cfaf0c8f7b.css]
[github.githubassets.com/assets/light_colorblind_high_contrast-979217efd93e.css]
[github.githubassets.com/assets/light_tritanopia-4d5383026bfa.css]
[github.githubassets.com/assets/light_tritanopia_high_contrast-ff6ff8532348.css]
[github.githubassets.com/assets/dark_colorblind-654786382462.css]
[github.githubassets.com/assets/dark_colorblind_high_contrast-ecca008c6f6e.css]
[github.githubassets.com/assets/dark_tritanopia-fff376053989.css]
[github.githubassets.com/assets/dark_tritanopia_high_contrast-49adf52571e5.css]
[github.githubassets.com/assets/dark_dimmed-66d97c13c98a.css]
[github.githubassets.com/assets/dark_dimmed_high_contrast-c58f1d0432b9.css]
[github.githubassets.com/assets/primer-primitives-dc7ca6859caf.css]
[github.githubassets.com/assets/primer-f96b923db733.css]
[github.githubassets.com/images/spinners/octocat-spinner-16px-EAF2F5.gif]
[github.githubassets.com/images/spinners/octocat-spinner-32-EAF2F5.gif]
[github.githubassets.com/images/modules/pagehead/background-yellowhatch-v3.png]
[github.githubassets.com/images/spinners/octocat-spinner-16px.gif]
[github.githubassets.com/assets/images/modules/signup/icons/alert-fill-12.svg]
[github.githubassets.com/images/spinners/octocat-spinner-32.gif]
[github.githubassets.com/assets/global-241f81e44892.css]
[github.githubassets.com/images/spinners/octocat-spinner-64.gif]
[github.githubassets.com/images/modules/dashboard/promos/spark-public-preview-nudge/background-v1-dark.png]
[github.githubassets.com/images/modules/dashboard/promos/spark-public-preview-nudge/background-v1-light.png]
[github.githubassets.com/images/modules/dashboard/promos/spark-public-preview-nudge/background-v2-dark.png]
[github.githubassets.com/images/modules/dashboard/promos/spark-public-preview-nudge/background-v2-light.png]
[github.githubassets.com/images/modules/commit/trans_bg.gif]
[github.githubassets.com/images/spinners/octocat-spinner-128.gif]
[github.githubassets.com/images/secret-scanning/scan-secret-leaks-banner-dark.png]
[github.githubassets.com/images/secret-scanning/scan-secret-leaks-banner-dark-dimmed.png]
[github.githubassets.com/images/secret-scanning/scan-secret-leaks-banner-dark-hc.png]
[github.githubassets.com/images/secret-scanning/scan-secret-leaks-banner-light.png]
[github.githubassets.com/images/secret-scanning/scan-secret-leaks-banner-light-hc.png]
[github.githubassets.com/images/modules/org_overview/promos/org_overview_roadmap_webinar_2025_q3_pre_event/background-dark.png]
[github.githubassets.com/images/modules/org_overview/promos/org_overview_roadmap_webinar_2025_q3_pre_event/background-light.jpg]
[github.githubassets.com/images/modules/memexes/projects-beta-banner-mobile.png]
[github.githubassets.com/images/modules/memexes/projects-beta-banner.png]
[github.githubassets.com/images/modules/memexes/projects-beta-banner-dark.png]
[github.githubassets.com/images/modules/site/sponsors/heart-explosion.png]
[github.githubassets.com/assets/github-086c1af66525.css]
[github.githubassets.com/images/modules/dependency-graph/ds-actions-prompt-banner-mobile.png]
[github.githubassets.com/images/modules/dependency-graph/ds-actions-prompt-banner.png]
[github.githubassets.com/images/modules/dependency-graph/ds-actions-prompt-banner-mobile-dark.png]
[github.githubassets.com/images/modules/dependency-graph/ds-actions-prompt-banner-dark.png]
[github.githubassets.com/assets/repository-5d735668c600.css]
[github.githubassets.com/assets/code-9c9b8dc61e74.css]
[github.githubassets.com/assets/primer-react.ad9424369aeb6fec9e91.module.css]
[github.githubassets.com/assets/copilot-coding-agent-status.18a276928d4b7c45824e.module.css]
[github.githubassets.com/assets/notifications-subscriptions-menu.44a4ce5e60cfd5c27b1a.module.css]
[github.githubassets.com/assets/keyboard-shortcuts-dialog.2de9c7d6456a311fce49.module.css]
[github.githubassets.com/assets/app_assets_modules_github_profile_edit-social-account_ts-app_assets_modules_github_settings_p-b03314-1638c07360ab.js]
[github.githubassets.com/assets/settings-855e72b7afa3.js]
[github.githubassets.com/assets/vendors-node_modules_delegated-events_dist_index_js-node_modules_github_memoize_dist_esm_inde-455471-8f02770d9699.js]
[github.githubassets.com/assets/signup-d5b8367be2a2.js]
[github.com/opensearch.xml]
[github.com/login.html]
[github.com/manifest.json]
[github.githubassets.com/assets/sessions-auth-header.1b3e0eb2a761a8b763a9.module.css]
[github.com/password_reset.html]
[github.com/login6465.html]
[github.githubassets.com/assets/appearance-settings.6c63a6de228d6520804d.module.css]
[github.com/signupab55.html]
[github.githubassets.com/assets/site-32febde4054e.css]
[github.com/loginbc0e.html]
[github.githubassets.com/assets/signup-8c4612b0b60f.css]
[github.com/images/signup/bg-darkest-medium@2x.webp]
[github.com/images/signup/dos-amigos@2x.webp]
[github.com/email_validity_checks.12d.delayed]
[github.com/password_validity_checks.12ee800.delayed]
[github.com/signup6ee8.html]
[github.com/kamranahmedse/driver.js/sponsor_button.html]
[github.com/login0816.html]
[github.com/signupde03.html]
[github.githubassets.com/assets/vendors-node_modules_dompurify_dist_purify_es_mjs-0294cfa498e7.js]
[github.githubassets.com/assets/vendors-node_modules_lodash-es__Stack_js-node_modules_lodash-es__Uint8Array_js-node_modules_l-4faaa6-95511fe13c4b.js]
[github.githubassets.com/assets/vendors-node_modules_swc_helpers_esm__define_property_js-node_modules_lodash-es__getAllKeys_j-86c8c2-f6bac8d2298f.js]
[github.githubassets.com/assets/vendors-node_modules_tanstack_react-virtual_dist_esm_index_js-4f7c027617ef.js]
[github.githubassets.com/assets/vendors-node_modules_focus-visible_dist_focus-visible_js-node_modules_github_hydro-analytics--425d03-af2be75f09b4.js]
[github.githubassets.com/assets/vendors-node_modules_github_catalyst_lib_index_js-node_modules_lit-labs_react_index_js-node_m-450104-0dab4b78e6ac.js]
[github.githubassets.com/assets/packages_fetch-headers_fetch-headers_ts-packages_history_history_ts-packages_promise-with-res-c5198c-ef8c20fb4804.js]
[github.githubassets.com/assets/packages_ref-selector_RefSelector_tsx-bff3ae3032b3.js]
[github.githubassets.com/assets/packages_commit-attribution_index_ts-packages_commit-checks-status_index_ts-packages_current--18e2dc-b3046fcc482e.js]
[github.githubassets.com/assets/packages_code-view-shared_hooks_use-canonical-object_ts-packages_code-view-shared_hooks_use-f-37800a-59aa36c3796a.js]
[github.githubassets.com/assets/packages_app-uuid_app-uuid_ts-packages_repos-file-tree-view_repos-file-tree-view_ts-a7b891e293c8.js]
[github.githubassets.com/assets/app_assets_modules_react-code-view_utilities_lines_ts-4b9f3be929c2.js]
[github.githubassets.com/assets/packages_code-view-shared_utilities_web-worker_ts-packages_code-view-shared_worker-jobs_debou-52b466-441746302aac.js]
[github.githubassets.com/assets/packages_code-nav_code-nav_ts-packages_filter-sort_filter-sort_ts-packages_fuzzy-filter_fuzzy-03fd45-02d3b07ec699.js]
[github.githubassets.com/assets/react-code-view-35773511c81f.js]
[github.githubassets.com/assets/react-code-view.8b7d2260c74f2a9b531c.module.css]
[github.com/kamranahmedse/driver.js/blob/master/license.html]
[github.com/signup6a0c.html]
[github.com/signup5f0e.html]
[github.com/kamranahmedse/driver.js/stargazers.html]
[github.com/kamranahmedse/driver.js/stargazers4658.html]
[github.githubassets.com/assets/insights-388cd09d03ad.css]
[github.githubassets.com/assets/forks-345bf7ae0361.js]
[github.com/signup2fe0.html]
[github.com/kamranahmedse/driver.js/community.html]
[github.com/kamranahmedse/driver.js/graphs/commit-activity.html]
[github.com/kamranahmedse/driver.js/graphs/code-frequency.html]
[github.com/kamranahmedse/driver.js/network/dependencies.html]
[github.com/kamranahmedse/driver.js/network.html]
[github.com/kamranahmedse/driver.js/network/members.html]
[github.com/kamranahmedse/driver.js/forks70c3.html]
[github.com/kamranahmedse/driver.js/forksf54e.html]
[github.com/kamranahmedse/driver.js/forks2b33.html]
[github.com/kamranahmedse/driver.js/forks1eef.html]
[github.com/kamranahmedse/driver.js/forks8db0.html]
[github.com/kamranahmedse/driver.js/forksf35e.html]
[github.com/kamranahmedse/driver.js/forksba5b.html]
[github.com/kamranahmedse/driver.js/forks345c.html]
[github.com/kamranahmedse/driver.js/forkseded.html]
[github.com/kamranahmedse/driver.js/forks4c63.html]
[github.com/kamranahmedse/driver.js/forks5a0a.html]
[github.com/kamranahmedse/driver.js/forksa443.html]
[github.com/kamranahmedse/driver.js/forks814f.html]
[github.com/ContaAzul/driver.html]
[github.com/13banda/driver.html]
[github.com/portone-io/driver.html]
[github.com/wsafight/driver.html]
[github.com/trymebytes/driver.html]
[github.com/rufus87/driver.html]
[github.com/richie-south/driver.html]
[github.com/psy-repos-typescript/driver.html]
[github.com/phongjimmy/driver.html]
[github.com/P1an8/driver.html]
[github.com/outlier-spa/driver.html]
[github.com/nobodyiam95/driver.html]
[github.com/Mu-L/driver.html]
[github.com/mplatov/driver.html]
[github.com/Maxie42/driver.html]
[github.com/magicsandbox-ai/driver.html]
[github.com/lxxaisy/driver.html]
[github.com/leslieeilsel/driver.html]
[github.com/learlab/driver.html]
[github.com/Khuthaily/driver.html]
[github.com/khongten001/driver.html]
[github.com/zanettea/driver.html]
[github.com/yogat3ch/driver.html]
[github.com/ynjw/driver.html]
[github.com/Yeasiin/driver.html]
[github.com/kamranahmedse/driver.js/forks4658.html]
[github.com/kamranahmedse/driver.js/forks.html]
[github.com/kamranahmedse/driver.js/forks9ba9.html]
[github.githubassets.com/assets/packages_use-alive_use-alive_ts-3e9bd97b1006.js]
[github.githubassets.com/assets/packages_use-client-value_use-client-value_ts-packages_create-branch-button_CreateBranchButton_tsx-e658cf533537.js]
[github.githubassets.com/assets/repos-branches-f9b613d7d3b9.js]
[github.githubassets.com/assets/repos-branches.8de9109c94f56b220eac.module.css]
[github.com/signupc743.html]
[github.com/kamranahmedse/driver.js/branches/active.html]
[github.com/kamranahmedse/driver.js/branches/stale.html]
[github.com/kamranahmedse/driver.js/branches.html]
[github.githubassets.com/assets/releases-ffb4ed293a8a.css]
[github.com/kamranahmedse/driver.js/branches/all.html]
[github.com/signup180f.html]
[github.com/kamranahmedse/driver.js/commit/e90b0d7bf000bee57cf043af566113ca23a79edf.html]
[github.com/kamranahmedse/driver.js/releases/tag/1.3-2.html]
[github.com/kamranahmedse/driver.js/commit/f672f3fe95c390166da2b553c4fd1d66cfdfe8b5.html]
[github.com/kamranahmedse/driver.js/releases/tag/1.3-3.html]
[github.com/kamranahmedse/driver.js/commit/6bd64db882a04a812cce1e3dfc53071a4f56e182.html]
[github.com/kamranahmedse/driver.js/releases/tag/1.3-4.html]
[github.com/kamranahmedse/driver.js/commit/8996e6aa41fc434f47b6e0d3efdd7556694fea8b.html]
[github.com/kamranahmedse/driver.js/releases/tag/1.3-5.html]
[github.com/kamranahmedse/driver.js/commit/871a2103ab1a2242580990f2677e8df1ace9e4a1.html]
[github.com/kamranahmedse/driver.js/releases/tag/1.3-6.html]
[github.com/kamranahmedse/driver.js/commit/e65eaf383eaa63f492658c367534fd22cce891e9.html]
[github.com/kamranahmedse/driver.js/releases/tag/1.3-7.html]
[github.com/kamranahmedse/driver.js/commit/b2d54bde0e416287931d8bfdd8be568e909e88a5.html]
[github.com/kamranahmedse/driver.js/releases/tag/1.2.html]
[github.com/kamranahmedse/driver.js/commit/a952b08220268ace6918831fda4b7cebb72a6f8b.html]
[github.com/kamranahmedse/driver.js/releases/tag/1.2-2.html]
[github.com/kamranahmedse/driver.js/commit/aef795e33465b36949ceaff095899aafe0ecedae.html]
[github.com/kamranahmedse/driver.js/releases/tag/1.1.html]
[github.com/kamranahmedse/driver.js/commit/f3d28fac7fe1dd519578b22433b33cf4ea818a74.html]
[github.com/kamranahmedse/driver.js/tags.html]
[github.com/kamranahmedse/driver.js/tags7df3.html]
[github.githubassets.com/assets/vendors-node_modules_github_catalyst_lib_index_js-node_modules_swc_helpers_esm__class_static_-c098f1-44182442b54c.js]
[github.githubassets.com/assets/vendors-node_modules_github_hydro-analytics-client_dist_analytics-client_js-node_modules_gith-ed4ac4-bd6e5c29f44b.js]
[github.githubassets.com/assets/packages_app-uuid_app-uuid_ts-packages_use-client-value_use-client-value_ts-app_assets_module-ce569f-b7d634a67941.js]
[github.githubassets.com/assets/activity-b16e94a2de0c.js]
[github.githubassets.com/assets/activity.48cd90c48b0bb515846a.module.css]
[github.com/kamranahmedse/driver.js/activity.html]
[github.com/signup006d.html]
[github.githubassets.com/assets/structured-issues-97587c01bab0.js]
[github.githubassets.com/assets/vendors-node_modules_date-fns_format_mjs-f7e5dd4e3ebd.js]
[github.githubassets.com/assets/vendors-node_modules_date-fns_addWeeks_mjs-node_modules_date-fns_addYears_mjs-node_modules_da-827f4f-6af178f555c7.js]
[github.githubassets.com/assets/vendors-node_modules_focus-visible_dist_focus-visible_js-node_modules_lodash-es__isIterateeCa-89abd9-7de41e04a69d.js]
[github.githubassets.com/assets/vendors-node_modules_github_hotkey_dist_index_js-node_modules_date-fns_getDaysInMonth_mjs-nod-70c11b-a672e4dfe08c.js]
[github.githubassets.com/assets/vendors-node_modules_dnd-kit_modifiers_dist_modifiers_esm_js-node_modules_dnd-kit_sortable_di-72228e-99b95b9fca56.js]
[github.githubassets.com/assets/vendors-node_modules_lit-labs_react_index_js-node_modules_primer_styled-react_dist_index_js-n-bd78aa-c3a39023be55.js]
[github.githubassets.com/assets/vendors-node_modules_react-relay_index_js-065619a68bd6.js]
[github.githubassets.com/assets/vendors-node_modules_devlop_lib_default_js-node_modules_mdast-util-from-markdown_lib_index_js-cf17bf-18805d9f38c0.js]
[github.githubassets.com/assets/vendors-node_modules_mdast-util-gfm_lib_index_js-node_modules_micromark-extension-gfm_index_js-f82ed5454897.js]
[github.githubassets.com/assets/vendors-node_modules_tanstack_react-query_build_modern_useQuery_js-node_modules_diff_lib_index_mjs-1bcf85319d2e.js]
[github.githubassets.com/assets/vendors-node_modules_codemirror_language_dist_index_js-25bc92f8b249.js]
[github.githubassets.com/assets/vendors-node_modules_codemirror_commands_dist_index_js-fc88b7eb887d.js]
[github.githubassets.com/assets/vendors-node_modules_github_mini-throttle_dist_decorators_js-node_modules_accname_dist_access-a25db5-11cb217a85c0.js]
[github.githubassets.com/assets/vendors-node_modules_github_g-emoji-element_dist_index_js-node_modules_github_paste-markdown_-822ce0-d860c7606caa.js]
[github.githubassets.com/assets/vendors-node_modules_github_catalyst_lib_index_js-node_modules_tanstack_react-query_build_mod-d1dec4-35875fa03af6.js]
[github.githubassets.com/assets/vendors-node_modules_github_quote-selection_dist_index_js-node_modules_react-relay_hooks_js-n-b61e95-eacf4d2d0856.js]
[github.githubassets.com/assets/packages_ui-commands_ui-commands_ts-b249d617ed70.js]
[github.githubassets.com/assets/packages_date-picker_components_DatePicker_tsx-7f759ec8feaf.js]
[github.githubassets.com/assets/packages_drag-and-drop_drag-and-drop_ts-packages_hydro-analytics_hydro-analytics_ts-0828fc3feb11.js]
[github.githubassets.com/assets/packages_list-view_src_hooks_use-next-header-tag_ts-packages_list-view_src_ListItem_ListItem_-055669-e6bf905bdc94.js]
[github.githubassets.com/assets/packages_filter_utils_index_ts-packages_fuzzy-score_fuzzy-score_ts-packages_use-analytics_use-efa20b-5d1703faff8e.js]
[github.githubassets.com/assets/packages_filter_Filter_tsx-2bac6951647f.js]
[github.githubassets.com/assets/packages_filter_providers_index_ts-f80cbf6dd3dd.js]
[github.githubassets.com/assets/packages_copilot-chat_utils_copilot-local-storage_ts-9a434c300d44.js]
[github.githubassets.com/assets/packages_copilot-chat_components_tracing_TraceProvider_tsx-fed3f2fdcee6.js]
[github.githubassets.com/assets/packages_copilot-chat_utils_CopilotChatContext_tsx-packages_safe-html_VerifiedHTML_tsx-41abf46cfa56.js]
[github.githubassets.com/assets/packages_item-picker_components_RepositoryPicker_tsx-d3f5cc6a8cfd.js]
[github.githubassets.com/assets/packages_history_history_ts-packages_relay-environment_relay-environment_ts-packages_soft-nav-c373e9-d7c0c9e4eef2.js]
[github.githubassets.com/assets/packages_commenting_constants_values_ts-packages_document-metadata_document-metadata_ts-packa-c2a275-38f331739eb4.js]
[github.githubassets.com/assets/packages_query-builder-element_query-builder-element_ts-90f5f83e2407.js]
[github.githubassets.com/assets/packages_app-uuid_app-uuid_ts-packages_signed-commit-badge_index_ts-9d3ba26bd176.js]
[github.githubassets.com/assets/packages_use-client-value_use-client-value_ts-packages_issue-create_dialog_CreateIssueDialogE-7c0c7a-7cab73a748a1.js]
[github.githubassets.com/assets/packages_markdown-viewer_NewMarkdownViewer_tsx-85d8ca0a38f6.js]
[github.githubassets.com/assets/packages_issue-viewer_components_IssueViewer_tsx-packages_issue-viewer_contexts_IssueViewerCo-d82ffd-21a88e5fca01.js]
[github.githubassets.com/assets/issues-react-9ed8e342f96c.js]
[github.githubassets.com/assets/packages_use-client-value_use-client-value_ts-packages_issue-create_dialog_CreateIssueDialogE-7c0c7a.ffa7f41b0903a292b09d.module.css]
[github.githubassets.com/assets/packages_issue-viewer_components_IssueViewer_tsx-packages_issue-viewer_contexts_IssueViewerCo-d82ffd.25a2356115e75c2ea92c.module.css]
[github.githubassets.com/assets/issues-react.2518c0f34c6486b8a47c.module.css]
[github.com/signup7f02.html]
[github.com/kamranahmedse/driver.js/labels.html]
[github.com/kamranahmedse/driver.js/milestones.html]
[github.com/kamranahmedse/driver.js/issues/593.html]
[github.com/kamranahmedse/driver.js/issues9a69.html]
[github.com/kamranahmedse/driver.js/issues/592.html]
[github.com/kamranahmedse/driver.js/issues70a3.html]
[github.com/kamranahmedse/driver.js/issues/591.html]
[github.com/kamranahmedse/driver.js/issues4452.html]
[github.com/kamranahmedse/driver.js/issues/589.html]
[github.com/kamranahmedse/driver.js/issues90d0.html]
[github.com/kamranahmedse/driver.js/issues/586.html]
[github.com/kamranahmedse/driver.js/issues5c33.html]
[github.com/kamranahmedse/driver.js/issues/581.html]
[github.com/kamranahmedse/driver.js/issuese632.html]
[github.com/kamranahmedse/driver.js/issues/580.html]
[github.com/kamranahmedse/driver.js/issuesd0a9.html]
[github.com/kamranahmedse/driver.js/issues/579.html]
[github.com/kamranahmedse/driver.js/issues87ac.html]
[github.com/kamranahmedse/driver.js/issues/578.html]
[github.com/kamranahmedse/driver.js/issues440a.html]
[github.com/kamranahmedse/driver.js/issues.html]
[github.githubassets.com/assets/pull-requests-9d752a08806c.css]
[github.githubassets.com/assets/vendors-node_modules_github_remote-form_dist_index_js-node_modules_github_catalyst_lib_index_-280e4f-77dbb2662f19.js]
[github.githubassets.com/assets/vendors-node_modules_scroll-anchoring_dist_scroll-anchoring_esm_js-node_modules_github_hydro--581846-4d52a4aed490.js]
[github.githubassets.com/assets/app_assets_modules_github_diffs_blob-lines_ts-app_assets_modules_github_diffs_linkable-line-n-db17fa-ef77e0d5d94c.js]
[github.githubassets.com/assets/diffs-474bc704e6da.js]
[github.githubassets.com/assets/vendors-node_modules_github_mini-throttle_dist_index_js-node_modules_delegated-events_dist_in-057052-a190e7e902da.js]
[github.githubassets.com/assets/pull-requests-list-65f93d9b7d27.js]
[github.com/signup517a.html]
[github.com/kamranahmedse/driver.js/compare.html]
[github.com/kamranahmedse/driver.js/pullse309.html]
[github.com/kamranahmedse/driver.js/pulls762f.html]
[github.com/kamranahmedse/driver.js/issues/show_menu_content9fbe.html]
[github.com/kamranahmedse/driver.js/issues/show_menu_contentd700.html]
[github.com/kamranahmedse/driver.js/issues/show_menu_content400a.html]
[github.com/kamranahmedse/driver.js/issues/show_menu_content3a10.html]
[github.com/kamranahmedse/driver.js/pullse65e.html]
[github.com/kamranahmedse/driver.js/pulls60b1.html]
[github.com/kamranahmedse/driver.js/pulls69ac.html]
[github.com/kamranahmedse/driver.js/pullsab34.html]
[github.com/kamranahmedse/driver.js/issues/show_menu_content2a1b.html]
[github.com/kamranahmedse/driver.js/pulls9486.html]
[github.com/kamranahmedse/driver.js/pulls41bb.html]
[github.com/kamranahmedse/driver.js/pullseff9.html]
[github.com/kamranahmedse/driver.js/pull/590.html]
[github.com/kamranahmedse/driver.js/pull/588.html]
[github.com/kamranahmedse/driver.js/pull/587.html]
[github.com/kamranahmedse/driver.js/pull/583.html]
[github.com/kamranahmedse/driver.js/pull/582.html]
[github.com/kamranahmedse/driver.js/pull/569.html]
[github.com/kamranahmedse/driver.js/pull/568.html]
[github.com/kamranahmedse/driver.js/pull/567.html]
[github.com/kamranahmedse/driver.js/pull/557.html]
[github.com/kamranahmedse/driver.js/pull/556.html]
[github.com/kamranahmedse/driver.js/pull/554.html]
[github.com/kamranahmedse/driver.js/pull/552.html]
[github.com/kamranahmedse/driver.js/pull/551.html]
[github.com/kamranahmedse/driver.js/pull/540.html]
[github.com/kamranahmedse/driver.js/issues/539.html]
[github.com/kamranahmedse/driver.js/pull/508.html]
[github.com/kamranahmedse/driver.js/issues18ba.html]
[github.com/kamranahmedse/driver.js/pull/460.html]
[github.com/kamranahmedse/driver.js/issuesbe92.html]
[github.com/kamranahmedse/driver.js/pull/453.html]
[github.com/kamranahmedse/driver.js/issuesd378.html]
[github.com/kamranahmedse/driver.js/pull/441.html]
[github.com/kamranahmedse/driver.js/pulls.html]
[github.com/kamranahmedse/driver.js/issues931e.html]
[github.githubassets.com/assets/actions-8105200ee4e6.css]
[github.githubassets.com/assets/vendors-node_modules_github_catalyst_lib_index_js-node_modules_swc_helpers_esm__class_private-cfd42f-67061caf7a23.js]
[github.githubassets.com/assets/actions-2c496ec1e147.js]
[github.com/kamranahmedse/driver.js/actions.html]
[github.com/signup96ef.html]
[github.githubassets.com/assets/memex-index-91a7ca3583e4.js]
[github.githubassets.com/assets/projects-splash-dialog-ac22becd179f.js]
[github.githubassets.com/assets/projects-34e6f6002077.css]
[github.com/kamranahmedse/driver.js/projects4494.html]
[github.com/signup8c74.html]
[github.com/kamranahmedse/driver.js/security.html]
[github.com/kamranahmedse/driver.js/security/overall-count.html]
[github.com/signup9a8b.html]
[github.githubassets.com/assets/packages_chart-card_ChartCard_tsx-c301197b4568.js]
[github.githubassets.com/assets/repos-pulse-6c651fcdf564.js]
[github.githubassets.com/assets/vendors-node_modules_highcharts-react-official_dist_highcharts-react_min_js-node_modules_high-7e7fe4-bc1f8e9c214b.js]
[github.githubassets.com/assets/repos-pulse.197bd5e69a9bddceda6e.module.css]
[github.com/kamranahmedse/driver.js/pulse.html]
[github.githubassets.com/assets/app_assets_modules_react-partials_repos-overview_components_OverviewContent_module_css-app_as-770386.7ea6d670be60f1a7cf5c.module.css]
[github.com/signup1555.html]
[github.githubassets.com/assets/vendors-node_modules_remark-parse_lib_index_js-node_modules_unified_lib_index_js-4b6c6d51b7cd.js]
[github.githubassets.com/assets/vendors-node_modules_react-markdown_lib_index_js-7758bbe44de9.js]
[github.githubassets.com/assets/packages_copilot-markdown_MarkdownRenderer_tsx-675eb505daa5.js]
[github.githubassets.com/assets/vendors-node_modules_hastscript_lib_index_js-node_modules_lowlight_lib_all_js-node_modules_re-376063-b532d0267536.js]
[github.githubassets.com/assets/packages_copilot-chat_components_CopilotIconAnimation_tsx-4f0dd006fa0a.js]
[github.githubassets.com/assets/packages_diff-file-header_diff-file-header_ts-packages_diff-file-tree_diff-file-tree-helpers_-6ec15d-0589b8aa9e7e.js]
[github.githubassets.com/assets/packages_use-hide-footer_use-hide-footer_ts-packages_commits_shared_use-tree-pane_tsx-package-9c5f33-209bed68bc05.js]
[github.githubassets.com/assets/commits-1d71064c9420.js]
[github.githubassets.com/assets/commits.8755333b6f68991dc3e6.module.css]
[github.com/signup6eb4.html]
[github.com/kamranahmedse/driver.js/commit/e5baef1274b7e2a2061edf5eb63e41d9206ec603.html]
[github.com/kamranahmedse/driver.js/commits9482.html]
[github.com/kamranahmedse/driver.js/commits225d.html]
[github.com/kamranahmedse/driver.js/tree/e5baef1274b7e2a2061edf5eb63e41d9206ec603.html]
[github.com/kamranahmedse/driver.js/commit/2c19cd0fcaed813d1be71a9157d04b59420fe09a.html]
[github.com/kamranahmedse/driver.js/commitsb184.html]
[github.com/kamranahmedse/driver.js/tree/2c19cd0fcaed813d1be71a9157d04b59420fe09a.html]
[github.com/kamranahmedse/driver.js/tree/e90b0d7bf000bee57cf043af566113ca23a79edf.html]
[github.com/kamranahmedse/driver.js/commit/c1123f9f1636d77c43de5869b3961771687bd770.html]
[github.com/kamranahmedse/driver.js/tree/c1123f9f1636d77c43de5869b3961771687bd770.html]
[github.com/kamranahmedse/driver.js/commit/6aea0113d87899c4852efc9b2aa29f64106e757f.html]
[github.com/kamranahmedse/driver.js/tree/6aea0113d87899c4852efc9b2aa29f64106e757f.html]
[github.com/kamranahmedse/driver.js/commit/1a36d65f984e09ef547a8134134301862c393621.html]
[github.com/kamranahmedse/driver.js/tree/1a36d65f984e09ef547a8134134301862c393621.html]
[github.com/kamranahmedse/driver.js/tree/f672f3fe95c390166da2b553c4fd1d66cfdfe8b5.html]
[github.com/kamranahmedse/driver.js/commit/4b9eebe5700bfd996f93a399599aecf610be3266.html]
[github.com/kamranahmedse/driver.js/commits728c.html]
[github.com/kamranahmedse/driver.js/tree/4b9eebe5700bfd996f93a399599aecf610be3266.html]
[github.com/kamranahmedse/driver.js/commit/bb08637eb590ad51c61a94c919f8033f51b68f08.html]
[github.com/kamranahmedse/driver.js/tree/bb08637eb590ad51c61a94c919f8033f51b68f08.html]
[github.com/kamranahmedse/driver.js/commit/e2a780ee3a5339fba39be9013fa9d1aa42e77f2f.html]
[github.com/kamranahmedse/driver.js/tree/e2a780ee3a5339fba39be9013fa9d1aa42e77f2f.html]
[github.com/kamranahmedse/driver.js/commit/be9e7e53a31a1ca1a07811bbced0fb29a9c127af.html]
[github.com/kamranahmedse/driver.js/tree/be9e7e53a31a1ca1a07811bbced0fb29a9c127af.html]
[github.com/kamranahmedse/driver.js/commit/d0e57d99b78bafe8c7168e10f454aef03f543455.html]
[github.com/kamranahmedse/driver.js/tree/d0e57d99b78bafe8c7168e10f454aef03f543455.html]
[github.com/kamranahmedse/driver.js/tree/6bd64db882a04a812cce1e3dfc53071a4f56e182.html]
[github.com/kamranahmedse/driver.js/tree/8996e6aa41fc434f47b6e0d3efdd7556694fea8b.html]
[github.com/kamranahmedse/driver.js/commit/19d10fffd28c0651ee8d2f092a257f719031e820.html]
[github.com/kamranahmedse/driver.js/tree/19d10fffd28c0651ee8d2f092a257f719031e820.html]
[github.com/kamranahmedse/driver.js/commit/34367c9db5e78778452381d0ab8b08602c79d744.html]
[github.com/kamranahmedse/driver.js/tree/34367c9db5e78778452381d0ab8b08602c79d744.html]
[github.com/kamranahmedse/driver.js/tree/871a2103ab1a2242580990f2677e8df1ace9e4a1.html]
[github.com/kamranahmedse/driver.js/commit/04bbfaa33d3f1579e8dbf9db6f8ec2ecee3d130a.html]
[github.com/kamranahmedse/driver.js/tree/04bbfaa33d3f1579e8dbf9db6f8ec2ecee3d130a.html]
[github.com/kamranahmedse/driver.js/commit/2dda34a484d97665193adfc8c50b488c043d6fc7.html]
[github.com/kamranahmedse/driver.js/tree/2dda34a484d97665193adfc8c50b488c043d6fc7.html]
[github.com/kamranahmedse/driver.js/commit/9b3243f47f6c9815422935a426fd4022bf550aa4.html]
[github.com/kamranahmedse/driver.js/tree/9b3243f47f6c9815422935a426fd4022bf550aa4.html]
[github.com/kamranahmedse/driver.js/commit/333d0df15ba1defbd915936a5c32377d7d9ee68d.html]
[github.com/kamranahmedse/driver.js/tree/333d0df15ba1defbd915936a5c32377d7d9ee68d.html]
[github.com/kamranahmedse/driver.js/commit/55c95d547c09a1cfc2f0274e9c4b05b1d0c0be53.html]
[github.com/kamranahmedse/driver.js/tree/55c95d547c09a1cfc2f0274e9c4b05b1d0c0be53.html]
[github.com/kamranahmedse/driver.js/commit/c9713c715dfd5a0669d771b2c4fa9c02fef1f7f7.html]
[github.com/kamranahmedse/driver.js/commits6cd3.html]
[github.com/kamranahmedse/driver.js/tree/c9713c715dfd5a0669d771b2c4fa9c02fef1f7f7.html]
[github.com/kamranahmedse/driver.js/commit/fa7aa82a043cb9a6ae2d2790060a744e5fd9bb34.html]
[github.com/kamranahmedse/driver.js/tree/fa7aa82a043cb9a6ae2d2790060a744e5fd9bb34.html]
[github.com/kamranahmedse/driver.js/commit/e43c08142a34157d60e705e431bdfa86e9e04670.html]
[github.com/kamranahmedse/driver.js/commits30ee.html]
[github.com/kamranahmedse/driver.js/tree/e43c08142a34157d60e705e431bdfa86e9e04670.html]
[github.com/kamranahmedse/driver.js/commit/d921c6389380308793a2bda68e71da29c4db7bc8.html]
[github.com/kamranahmedse/driver.js/tree/d921c6389380308793a2bda68e71da29c4db7bc8.html]
[github.com/kamranahmedse/driver.js/commit/80a8e2360b5349372ad6c4fb5bd443176152dfac.html]
[github.com/kamranahmedse/driver.js/commits0959.html]
[github.com/kamranahmedse/driver.js/tree/80a8e2360b5349372ad6c4fb5bd443176152dfac.html]
[github.com/kamranahmedse/driver.js/commit/71a1d7763f90ff80b61c05cbb948f655cae8c7d1.html]
[github.com/kamranahmedse/driver.js/commits9df4.html]
[github.com/kamranahmedse/driver.js/tree/71a1d7763f90ff80b61c05cbb948f655cae8c7d1.html]
[github.com/kamranahmedse/driver.js/commit/6bcb82f69e620636dfd0a38eda09f1e591785bb7.html]
[github.com/kamranahmedse/driver.js/commits41d8.html]
[github.com/kamranahmedse/driver.js/tree/6bcb82f69e620636dfd0a38eda09f1e591785bb7.html]
[github.com/kamranahmedse/driver.js/commit/9e6f1a45b3fb023886518a99cfcb3985275b9af0.html]
[github.com/kamranahmedse/driver.js/tree/9e6f1a45b3fb023886518a99cfcb3985275b9af0.html]
[github.com/kamranahmedse/driver.js/commit/0889e01c809c93f261e321e80d65ee3b25d92387.html]
[github.com/kamranahmedse/driver.js/commitsc436.html]
[github.com/kamranahmedse/driver.js/tree/0889e01c809c93f261e321e80d65ee3b25d92387.html]
[github.com/kamranahmedse/driver.js/tree/e65eaf383eaa63f492658c367534fd22cce891e9.html]
[github.com/kamranahmedse/driver.js/commit/ca680f04e1f4ebc62ce6fa6c13170a88abbcd097.html]
[github.com/kamranahmedse/driver.js/commits483a.html]
[github.com/kamranahmedse/driver.js/tree/ca680f04e1f4ebc62ce6fa6c13170a88abbcd097.html]
[github.com/kamranahmedse/driver.js/commit/124a216beeb8e84c5970b24294dce6582600b72c.html]
[github.com/kamranahmedse/driver.js/commitse73e.html]
[github.com/kamranahmedse/driver.js/tree/124a216beeb8e84c5970b24294dce6582600b72c.html]
[github.com/kamranahmedse/driver.js/commit/087934d5d9f3908576591df5f358649ddbe17b76.html]
[github.com/kamranahmedse/driver.js/commits0ef6.html]
[github.com/kamranahmedse/driver.js/tree/087934d5d9f3908576591df5f358649ddbe17b76.html]
[github.com/kamranahmedse/driver.js/commits/masterc555.html]
[github.com/kamranahmedse/driver.js/commits/master/index.html]
[github.com/kamranahmedse/driver.js/commits/master9623.html]
[github.com/kamranahmedse/driver.js/tree/master/.html]
[github.com/kamranahmedse/driver.js/tree/master/docs.html]
[github.com/kamranahmedse/driver.js/tree/master/src.html]
[github.com/kamranahmedse/driver.js/tree/master/tests.html]
[github.com/kamranahmedse/driver.js/blob/master/.html]
[github.com/kamranahmedse/driver.js/blob/master/-2.html]
[github.com/kamranahmedse/driver.js/blob/master/-3.html]
[github.com/kamranahmedse/driver.js/blob/master/dts-bundle-generator.config.html]
[github.com/signupb0c7.html]
[github.com/kamranahmedse/driver.js/blob/master/yarn add driver.2a9.delayed]
[github.com/kamranahmedse/driver.js/blob/master/index.html]
[github.com/kamranahmedse/driver.js/blob/master/package.html]
[github.com/kamranahmedse/driver.js/blob/master/pnpm-lock.html]
[github.com/kamranahmedse/driver.js/blob/master/readme.html]
[github.com/kamranahmedse/driver.js/blob/master/tsconfig.html]
[github.com/kamranahmedse/driver.js/blob/master/vite.config.html]
[www.jsdelivr.com/package/npm/&quot;https_/driverjs.com/driver.2ab.delayed]
[www.jsdelivr.com/open-graph/image/npm/driver.png]
[www.jsdelivr.com/icons/favicon-48x48.png]
[www.jsdelivr.com/icons/favicon-32x32.png]
[www.jsdelivr.com/icons/favicon-16x16.png]
[www.jsdelivr.com/icons/apple-touch-icon.png]
[www.jsdelivr.com/assets/6c680a464281a3e596c80b1187352d1e7867f6ba/css/appf974.css]
[cdn.jsdelivr.net/npm/font-awesome@4.7.0/css/font-awesome.min.css]
[cdn.jsdelivr.net/npm/pace-js@1.2.4/themes/orange/pace-theme-minimal.css]
[cdn.jsdelivr.net/npm/pace-js@1.2.4/pace.min.js]
[www.jsdelivr.com/package/npm/driverf148.html]
[www.jsdelivr.com/package/npm/driver63de.html]
[cdn.jsdelivr.net/npm/ractive@1.4.0/runtime.min.js]
[cdn.jsdelivr.net/npm/ractive-route@0.3.11/ractive-route.min.js]
[cdn.jsdelivr.net/npm/ractive-decorators-sortable@0.2.1/Ractive-decorators-sortable.min.js]
[cdn.jsdelivr.net/npm/ractive-transitions-fly@0.3.0/dist/ractive-transitions-fly.umd.min.js]
[cdn.jsdelivr.net/npm/ractive-transitions-slide@0.4.0/dist/ractive-transitions-slide.umd.min.js]
[cdn.jsdelivr.net/npm/jquery@3.6.3/dist/jquery.slim.min.js]
[cdn.jsdelivr.net/npm/algoliasearch@3.35.1/dist/algoliasearchLite.min.js]
[cdn.jsdelivr.net/npm/bootstrap@3.3.7/dist/js/bootstrap.min.js]
[cdn.jsdelivr.net/npm/clipboard@2.0.11/dist/clipboard.min.js]
[cdn.jsdelivr.net/npm/input-autogrow@1.1.1/dist/input-autogrow.min.js]
[cdn.jsdelivr.net/npm/autocomplete.js@0.38.1/dist/autocomplete.jquery.min.js]
[www.jsdelivr.com/assets/6c680a464281a3e596c80b1187352d1e7867f6ba/js/appf974.js]
[www.jsdelivr.com/package/npm/driver.html]
[www.npmjs.com/package/driver.html]
[github.com/kamranahmedse/driver.js/hovercards/citation/sidebar_partialb78b.html]
[datum.jsdelivr.com/js/script.js]
[github.com/signupe294.html]
[github.com/kamranahmedse/driver.js/watchers4658.html]
[github.com/kamranahmedse/driver.js/watchers9ba9.html]
[github.com/kamranahmedse/driver.js/watchers.html]
[github.com/kamranahmedse/driver.js/watchersfdb0.html]
[github.com/kamranahmedse/driver.js/releases.atom]
[github.com/kamranahmedse/driver.js/tags.atom]
[github.com/signupb785.html]
[github.com/kamranahmedse/driver.js/tree/1.3.html]
[github.com/kamranahmedse/driver.js/compare/{{ urlEncodedRefName }}...1.3.2cd.delayed]
[github.com/kamranahmedse/driver.js/pull/560.html]
[github.com/kamranahmedse/driver.js/pull/562.html]
[github.com/kamranahmedse/driver.js/issues/545.html]
[github.com/kamranahmedse/driver.js/pull/548.html]
[github.com/kamranahmedse/driver.js/releases/expanded_assets/1.3.html]
[github.com/kamranahmedse/driver.js/tree/1.3-2.html]
[github.com/kamranahmedse/driver.js/compare/{{ urlEncodedRefName }}...1.3.2d6.delayed]
[github.com/kamranahmedse/driver.js/issues/431.html]
[github.com/kamranahmedse/driver.js/releases/expanded_assets/1.3-2.html]
[github.com/kamranahmedse/driver.js/tree/1.3-3.html]
[github.com/kamranahmedse/driver.js/compare/{{ urlEncodedRefName }}...1.3.2da.delayed]
[github.com/kamranahmedse/driver.js/issues/531.html]
[github.com/kamranahmedse/driver.js/pull/544.html]
[github.com/kamranahmedse/driver.js/issues/537.html]
[github.com/kamranahmedse/driver.js/pull/463.html]
[github.com/kamranahmedse/driver.js/pull/534.html]
[github.com/kamranahmedse/driver.js/pull/499.html]
[github.com/kamranahmedse/driver.js/releases/expanded_assets/1.3-3.html]
[github.com/kamranahmedse/driver.js/tree/1.3-4.html]
[github.com/kamranahmedse/driver.js/compare/{{ urlEncodedRefName }}...1.3.2e3.delayed]
[github.com/kamranahmedse/driver.js/pull/438.html]
[github.com/kamranahmedse/driver.js/pull/432.html]
[github.com/kamranahmedse/driver.js/pull/416.html]
[github.com/kamranahmedse/driver.js/releases/expanded_assets/1.3-4.html]
[github.com/kamranahmedse/driver.js/tree/1.3-5.html]
[github.com/kamranahmedse/driver.js/compare/{{ urlEncodedRefName }}...1.3.2e9.delayed]
[github.com/kamranahmedse/driver.js/pull/422.html]
[github.com/kamranahmedse/driver.js/issues/409.html]
[github.com/kamranahmedse/driver.js/issues/410.html]
[github.com/kamranahmedse/driver.js/pull/415.html]
[github.com/kamranahmedse/driver.js/issues/414.html]
[github.com/kamranahmedse/driver.js/commit/288c7deafb5fa0f7e8a6d5d98648a047eb2b2b27.html]
[github.com/kamranahmedse/driver.js/releases/expanded_assets/1.3-5.html]
[github.com/kamranahmedse/driver.js/tree/1.2.html]
[github.com/kamranahmedse/driver.js/compare/{{ urlEncodedRefName }}...1.2.2f2.delayed]
[github.com/kamranahmedse/driver.js/pull/384.html]
[github.com/kamranahmedse/driver.js/pull/386.html]
[github.com/kamranahmedse/driver.js/issues/389.html]
[github.com/kamranahmedse/driver.js/issues/391.html]
[github.com/kamranahmedse/driver.js/releases/expanded_assets/1.2.html]
[github.com/kamranahmedse/driver.js/tree/1.1.html]
[github.com/kamranahmedse/driver.js/compare/{{ urlEncodedRefName }}...1.1.2fa.delayed]
[github.com/kamranahmedse/driver.js/pull/377.html]
[github.com/kamranahmedse/driver.js/releases/expanded_assets/1.1.html]
[github.com/kamranahmedse/driver.js/tree/1.0.html]
[github.com/kamranahmedse/driver.js/commit/42aa4bee6ad4b14f2b4d9a420c09db2284289e32.html]
[github.com/kamranahmedse/driver.js/compare/{{ urlEncodedRefName }}...1.0.2ff.delayed]
[github.com/kamranahmedse/driver.js/releases/tag/1.0.html]
[github.com/kamranahmedse/driver.js/releases/expanded_assets/1.0.html]
[github.com/kamranahmedse/driver.js/tree/0.9.html]
[github.com/kamranahmedse/driver.js/commit/49f9e85157c2972fde906748aedf58861cc1482b.html]
[github.com/kamranahmedse/driver.js/compare/{{ urlEncodedRefName }}...0.9.304.delayed]
[github.com/kamranahmedse/driver.js/releases/tag/0.9.html]
[github.com/kamranahmedse/driver.js/releases/expanded_assets/0.9.html]
[github.com/kamranahmedse/driver.js/tree/0.9-2.html]
[github.com/kamranahmedse/driver.js/commit/076269b834c5406783ee77009c3d56612fe0ff09.html]
[github.com/kamranahmedse/driver.js/compare/{{ urlEncodedRefName }}...0.9.309.delayed]
[github.com/kamranahmedse/driver.js/releases/tag/0.9-2.html]
[github.com/kamranahmedse/driver.js/releases/expanded_assets/0.9-2.html]
[github.com/kamranahmedse/driver.js/releases.html]
[github.com/kamranahmedse/driver.js/releases/tag/1.3.html]
[github.com/kamranahmedse/driver.js/sponsors_list9f1b.html]
[github.com/kamranahmedse/driver.js/releases4658.html]
[github.githubassets.com/assets/profile-1832ec223d40.css]
[github.githubassets.com/assets/vendors-node_modules_github_remote-form_dist_index_js-node_modules_delegated-events_dist_inde-08b0f5-2a85763aa399.js]
[github.githubassets.com/assets/profile-448efa2a1d40.js]
[github.com/loginc975.html]
[github.com/features/copilot.html]
[github.com/features/spark.html]
[github.com/features/models.html]
[github.com/security/advanced-security.html]
[github.com/features/actions.html]
[github.com/features/codespaces.html]
[github.com/features/issues.html]
[github.com/features/code-review.html]
[github.com/features/discussions.html]
[github.com/features/code-search.html]
[github.com/why-github.html]
[github.com/marketplace.html]
[github.com/mcp.html]
[github.com/features.html]
[github.com/enterprise.html]
[github.com/team.html]
[github.com/enterprise/startups.html]
[github.com/solutions/industry/nonprofits.html]
[github.com/solutions/use-case/app-modernization.html]
[github.com/solutions/use-case/devsecops.html]
[github.com/solutions/use-case/devops.html]
[github.com/solutions/use-case/ci-cd.html]
[github.com/solutions/use-case.html]
[github.com/solutions/industry/healthcare.html]
[github.com/solutions/industry/financial-services.html]
[github.com/solutions/industry/manufacturing.html]
[github.com/solutions/industry/government.html]
[github.com/solutions/industry.html]
[github.com/solutions.html]
[github.com/resources/articles/ai.html]
[github.com/resources/articles/devops.html]
[github.com/resources/articles/security.html]
[github.com/resources/articles/software-development.html]
[github.com/resources/articles.html]
[github.com/resources/events.html]
